// Vitest Snapshot v1, https://vitest.dev/guide/snapshot.html

exports[`Component: Button > should render 1`] = `
<div>
  <button
    class=" btn btn-md btn-text"
  >
    My Button
  </button>
</div>
`;
